// Jest Snapshot v1, https://goo.gl/fbAQLP

exports[`<TopBar /> tests renders without crashing 1`] = `
Object {
  "asFragment": [Function],
  "baseElement": .c0 {
  display: -webkit-inline-box;
  display: -webkit-inline-flex;
  display: -ms-inline-flexbox;
  display: inline-flex;
  -webkit-align-items: center;
  -webkit-box-align: center;
  -ms-flex-align: center;
  align-items: center;
  width: 100%;
  max-height: 50px;
  padding-top: 0.75rem;
  padding-bottom: 0.5rem;
}

.c1 {
  margin-left: 2.5rem;
  max-width: 100px;
  height: auto;
}

.c2 {
  position: relative;
  margin: auto;
  width: 30rem;
  height: 3rem;
  display: -webkit-box;
  display: -webkit-flex;
  display: -ms-flexbox;
  display: flex;
  -webkit-align-items: center;
  -webkit-box-align: center;
  -ms-flex-align: center;
  align-items: center;
}

.c3 {
  width: 100%;
  height: 80%;
  padding-right: 4rem;
  padding-left: 2rem;
  background-color: #F4F1F1;
  border: none;
  border-radius: 4px;
}

.c3::-webkit-input-placeholder {
  color: #000000,46%;
}

.c3::-moz-placeholder {
  color: #000000,46%;
}

.c3:-ms-input-placeholder {
  color: #000000,46%;
}

.c3::placeholder {
  color: #000000,46%;
}

.c4 {
  position: relative;
  -webkit-transform: translateX(-100%);
  -ms-transform: translateX(-100%);
  transform: translateX(-100%);
  right: 9px;
  height: 70%;
  width: 3rem;
  border: none;
  background-image: url(search_icon.svg);
  background-repeat: no-repeat;
  background-color: #F4F1F1;
  color: #9B9B9B;
}

<body>
    <div>
      <header
        class="c0"
        data-cy="topbar"
      >
        <svg
          class="c1"
        >
          deezer_logo.svg
        </svg>
        <form
          class="c2"
        >
          <input
            autocomplete="on"
            autosave="true"
            class="c3"
            data-cy="searchField"
            id="searchField"
            placeholder="Album, artist or track title"
            type="search"
          />
          <button
            class="c4"
            data-cy="searchButton"
            type="button"
          />
        </form>
      </header>
    </div>
  </body>,
  "container": <div>
    <header
      class="sc-bdnxRM dtpuxP"
      data-cy="topbar"
    >
      <svg
        class="sc-gtsrHT cBzwgK"
      >
        deezer_logo.svg
      </svg>
      <form
        class="sc-dlnjwi gSWzLL"
      >
        <input
          autocomplete="on"
          autosave="true"
          class="sc-hKFxyN cdSgUH"
          data-cy="searchField"
          id="searchField"
          placeholder="Album, artist or track title"
          type="search"
        />
        <button
          class="sc-eCApnc kAxBQA"
          data-cy="searchButton"
          type="button"
        />
      </form>
    </header>
  </div>,
  "debug": [Function],
  "findAllByAltText": [Function],
  "findAllByDisplayValue": [Function],
  "findAllByLabelText": [Function],
  "findAllByPlaceholderText": [Function],
  "findAllByRole": [Function],
  "findAllByTestId": [Function],
  "findAllByText": [Function],
  "findAllByTitle": [Function],
  "findByAltText": [Function],
  "findByDisplayValue": [Function],
  "findByLabelText": [Function],
  "findByPlaceholderText": [Function],
  "findByRole": [Function],
  "findByTestId": [Function],
  "findByText": [Function],
  "findByTitle": [Function],
  "getAllByAltText": [Function],
  "getAllByDisplayValue": [Function],
  "getAllByLabelText": [Function],
  "getAllByPlaceholderText": [Function],
  "getAllByRole": [Function],
  "getAllByTestId": [Function],
  "getAllByText": [Function],
  "getAllByTitle": [Function],
  "getByAltText": [Function],
  "getByDisplayValue": [Function],
  "getByLabelText": [Function],
  "getByPlaceholderText": [Function],
  "getByRole": [Function],
  "getByTestId": [Function],
  "getByText": [Function],
  "getByTitle": [Function],
  "queryAllByAltText": [Function],
  "queryAllByDisplayValue": [Function],
  "queryAllByLabelText": [Function],
  "queryAllByPlaceholderText": [Function],
  "queryAllByRole": [Function],
  "queryAllByTestId": [Function],
  "queryAllByText": [Function],
  "queryAllByTitle": [Function],
  "queryByAltText": [Function],
  "queryByDisplayValue": [Function],
  "queryByLabelText": [Function],
  "queryByPlaceholderText": [Function],
  "queryByRole": [Function],
  "queryByTestId": [Function],
  "queryByText": [Function],
  "queryByTitle": [Function],
  "rerender": [Function],
  "unmount": [Function],
}
`;
